[debug] [2026-08-03T07:19:11.720Z] ----------------------------------------------------------------------
[debug] [2026-08-03T07:19:11.723Z] Command:       C:\Program Files\nodejs\node.exe C:\Users\Admin\AppData\Roaming\npm\node_modules\firebase-tools\lib\bin\firebase.js init hosting
[debug] [2026-08-03T07:19:11.723Z] CLI Version:   15.22.4
[debug] [2026-08-03T07:19:11.723Z] Platform:      win32
[debug] [2026-08-03T07:19:11.723Z] Node Version:  v24.16.0
[debug] [2026-08-03T07:19:11.724Z] Detected Agent: unknown
[debug] [2026-08-03T07:19:11.724Z] Time:          Mon Aug 03 2026 14:19:11 GMT+0700 (GMT+07:00)
[debug] [2026-08-03T07:19:11.724Z] ----------------------------------------------------------------------
[debug] 
[debug] [2026-08-03T07:19:11.729Z] >>> [apiv2][query] GET https://firebase-public.firebaseio.com/cli.json [none]
[info] 
     ######## #### ########  ######## ########     ###     ######  ########
     ##        ##  ##     ## ##       ##     ##  ##   ##  ##       ##
     ######    ##  ########  ######   ########  #########  ######  ######
     ##        ##  ##    ##  ##       ##     ## ##     ##       ## ##
     ##       #### ##     ## ######## ########  ##     ##  ######  ########

You're about to initialize a Firebase project in this directory:

  C:\Users\Admin\Desktop\New folder (3)

Before we get started, keep in mind:

  * You are initializing within an existing Firebase project directory

[debug] [2026-08-03T07:19:16.750Z] <<< [apiv2][status] GET https://firebase-public.firebaseio.com/cli.json 200
[debug] [2026-08-03T07:19:16.751Z] <<< [apiv2][body] GET https://firebase-public.firebaseio.com/cli.json {"cloudBuildErrorAfter":1594252800000,"cloudBuildWarnAfter":1590019200000,"defaultNode10After":1594252800000,"minVersion":"3.0.5","node8DeploysDisabledAfter":1613390400000,"node8RuntimeDisabledAfter":1615809600000,"node8WarnAfter":1600128000000}
[info] 
=== Project Setup
[info] 
[info] First, let's associate this project directory with a Firebase project.
[info] You can create multiple project aliases by running firebase use --add, 
[info] 
[debug] [2026-08-03T07:19:19.012Z] > command requires scopes: ["email","openid","https://www.googleapis.com/auth/cloudplatformprojects.readonly","https://www.googleapis.com/auth/firebase","https://www.googleapis.com/auth/cloud-platform"]
[debug] [2026-08-03T07:19:19.013Z] > authorizing via signed-in user (gatlosv1@gmail.com)
[debug] [2026-08-03T07:19:19.015Z] Checked if tokens are valid: false, expires at: 1781692278323
[debug] [2026-08-03T07:19:19.015Z] Checked if tokens are valid: false, expires at: 1781692278323
[debug] [2026-08-03T07:19:19.015Z] > refreshing access token with scopes: []
[debug] [2026-08-03T07:19:19.017Z] >>> [apiv2][query] POST https://www.googleapis.com/oauth2/v3/token [none]
[debug] [2026-08-03T07:19:19.017Z] >>> [apiv2][body] POST https://www.googleapis.com/oauth2/v3/token [omitted]
[debug] [2026-08-03T07:19:19.215Z] <<< [apiv2][status] POST https://www.googleapis.com/oauth2/v3/token 200
[debug] [2026-08-03T07:19:19.215Z] <<< [apiv2][body] POST https://www.googleapis.com/oauth2/v3/token [omitted]
[debug] [2026-08-03T07:19:19.228Z] >>> [apiv2][query] GET https://firebase.googleapis.com/v1beta1/projects/authenticatorapp-e84b9 [none]
[debug] [2026-08-03T07:19:19.846Z] <<< [apiv2][status] GET https://firebase.googleapis.com/v1beta1/projects/authenticatorapp-e84b9 403
[debug] [2026-08-03T07:19:19.846Z] <<< [apiv2][body] GET https://firebase.googleapis.com/v1beta1/projects/authenticatorapp-e84b9 {"error":{"code":403,"message":"The caller does not have permission","status":"PERMISSION_DENIED"}}
[debug] [2026-08-03T07:19:19.848Z] Request to https://firebase.googleapis.com/v1beta1/projects/authenticatorapp-e84b9 had HTTP Error: 403, The caller does not have permission
[debug] [2026-08-03T07:19:20.005Z] FirebaseError: Request to https://firebase.googleapis.com/v1beta1/projects/authenticatorapp-e84b9 had HTTP Error: 403, The caller does not have permission
    at responseToError (C:\Users\Admin\AppData\Roaming\npm\node_modules\firebase-tools\lib\responseToError.js:53:12)
    at RetryOperation._fn (C:\Users\Admin\AppData\Roaming\npm\node_modules\firebase-tools\lib\apiv2.js:381:77)
    at process.processTicksAndRejections (node:internal/process/task_queues:104:5)
[error] 
[error] Error: Failed to get Firebase project authenticatorapp-e84b9. Please make sure the project exists and your account has permission to access it.
[debug] [2026-08-03T07:19:22.391Z] ----------------------------------------------------------------------
[debug] [2026-08-03T07:19:22.394Z] Command:       C:\Program Files\nodejs\node.exe C:\Users\Admin\AppData\Roaming\npm\node_modules\firebase-tools\lib\bin\firebase.js deploy
[debug] [2026-08-03T07:19:22.395Z] CLI Version:   15.22.4
[debug] [2026-08-03T07:19:22.395Z] Platform:      win32
[debug] [2026-08-03T07:19:22.395Z] Node Version:  v24.16.0
[debug] [2026-08-03T07:19:22.396Z] Detected Agent: unknown
[debug] [2026-08-03T07:19:22.396Z] Time:          Mon Aug 03 2026 14:19:22 GMT+0700 (GMT+07:00)
[debug] [2026-08-03T07:19:22.396Z] ----------------------------------------------------------------------
[debug] 
[debug] [2026-08-03T07:19:26.664Z] > command requires scopes: ["email","openid","https://www.googleapis.com/auth/cloudplatformprojects.readonly","https://www.googleapis.com/auth/firebase","https://www.googleapis.com/auth/cloud-platform"]
[debug] [2026-08-03T07:19:26.664Z] > authorizing via signed-in user (gatlosv1@gmail.com)
[debug] [2026-08-03T07:19:26.665Z] [iam] checking project authenticatorapp-e84b9 for permissions ["firebase.projects.get","firebasehosting.sites.update"]
[debug] [2026-08-03T07:19:26.667Z] Checked if tokens are valid: true, expires at: 1785745158215
[debug] [2026-08-03T07:19:26.667Z] Checked if tokens are valid: true, expires at: 1785745158215
[debug] [2026-08-03T07:19:26.669Z] >>> [apiv2][query] POST https://cloudresourcemanager.googleapis.com/v1/projects/authenticatorapp-e84b9:testIamPermissions [none]
[debug] [2026-08-03T07:19:26.669Z] >>> [apiv2][(partial)header] POST https://cloudresourcemanager.googleapis.com/v1/projects/authenticatorapp-e84b9:testIamPermissions  x-goog-user-project=authenticatorapp-e84b9
[debug] [2026-08-03T07:19:26.669Z] >>> [apiv2][body] POST https://cloudresourcemanager.googleapis.com/v1/projects/authenticatorapp-e84b9:testIamPermissions {"permissions":["firebase.projects.get","firebasehosting.sites.update"]}
[debug] [2026-08-03T07:19:27.848Z] <<< [apiv2][status] POST https://cloudresourcemanager.googleapis.com/v1/projects/authenticatorapp-e84b9:testIamPermissions 400
[debug] [2026-08-03T07:19:27.848Z] <<< [apiv2][body] POST https://cloudresourcemanager.googleapis.com/v1/projects/authenticatorapp-e84b9:testIamPermissions {"error":{"code":400,"message":"Project 'projects/authenticatorapp-e84b9' not found or deleted.","status":"INVALID_ARGUMENT","details":[{"@type":"type.googleapis.com/google.rpc.ErrorInfo","reason":"USER_PROJECT_DENIED","domain":"googleapis.com","metadata":{"service":"cloudresourcemanager.googleapis.com","containerInfo":"projects/authenticatorapp-e84b9","consumer":"projects/authenticatorapp-e84b9"}}]}}
[debug] [2026-08-03T07:19:27.849Z] [iam] error while checking permissions, command may fail: Request to https://cloudresourcemanager.googleapis.com/v1/projects/authenticatorapp-e84b9:testIamPermissions had HTTP Error: 400, Project 'projects/authenticatorapp-e84b9' not found or deleted.
[debug] [2026-08-03T07:19:27.850Z] Checked if tokens are valid: true, expires at: 1785745158215
[debug] [2026-08-03T07:19:27.851Z] Checked if tokens are valid: true, expires at: 1785745158215
[debug] [2026-08-03T07:19:27.851Z] >>> [apiv2][query] GET https://firebase.googleapis.com/v1beta1/projects/authenticatorapp-e84b9 [none]
[debug] [2026-08-03T07:19:28.443Z] <<< [apiv2][status] GET https://firebase.googleapis.com/v1beta1/projects/authenticatorapp-e84b9 403
[debug] [2026-08-03T07:19:28.443Z] <<< [apiv2][body] GET https://firebase.googleapis.com/v1beta1/projects/authenticatorapp-e84b9 {"error":{"code":403,"message":"The caller does not have permission","status":"PERMISSION_DENIED"}}
[debug] [2026-08-03T07:19:28.444Z] Request to https://firebase.googleapis.com/v1beta1/projects/authenticatorapp-e84b9 had HTTP Error: 403, The caller does not have permission
[debug] [2026-08-03T07:19:28.612Z] FirebaseError: Request to https://firebase.googleapis.com/v1beta1/projects/authenticatorapp-e84b9 had HTTP Error: 403, The caller does not have permission
    at responseToError (C:\Users\Admin\AppData\Roaming\npm\node_modules\firebase-tools\lib\responseToError.js:53:12)
    at RetryOperation._fn (C:\Users\Admin\AppData\Roaming\npm\node_modules\firebase-tools\lib\apiv2.js:381:77)
    at process.processTicksAndRejections (node:internal/process/task_queues:104:5)
[error] 
[error] Error: Failed to get Firebase project authenticatorapp-e84b9. Please make sure the project exists and your account has permission to access it.
